error: #[salsa::tracked] must also be applied to the impl block for tracked methods
  --> tests/compile-fail/tracked_method_incompatibles.rs:11:20
   |
11 |     fn use_tracked(&self) {}
   |                    ^
